{"format":"atlas_git_checkpoint_v1","checkpoint_id":"fd0e0cc0966d979d8a5842a8457caf9b62e315aebde499250c4086b3407b3b29","workspace_id":"ws-checkpoint-test","replica_id":"replica-1","atlas_version":"dev","created_at":"2026-09-11T15:00:00Z","canonical_tree_sha256":"d2363e0cb58e0e5c5771caf38c2bc3fec261aaee9516ff5f263ce41e79b9469a","manifest_sha256":"c0eb95da134b0ae3562016e01ae907e1479ff2bbde80c70381f8295f1ae00c67","event_watermarks":{"APP":4,"workspace":2},"file_count":2,"schema_version":6,"files":[{"path":".tracker/events/2026-09.jsonl","sha256":"bbbbbbbbbbbbbbbbbbbbbbbbbbbbbbbbbbbbbbbbbbbbbbbbbbbbbbbbbbbbbbbb","size":40},{"path":"projects/APP/APP.md","sha256":"aaaaaaaaaaaaaaaaaaaaaaaaaaaaaaaaaaaaaaaaaaaaaaaaaaaaaaaaaaaaaaaa","size":12}]}
